// Jest Snapshot v1, https://goo.gl/fbAQLP

exports[`About Views Test should render correctly 1`] = `
<div
  className="about"
>
  <HelmetWrapper
    defer={true}
    encodeSpecialCharacters={true}
    title="About"
  />
  <h1
    className="title"
  >
    About
  </h1>
  <img
    className="logo"
    src="react.svg"
  />
</div>
`;
